
 RUN  v4.1.10 /home/nikhil/Desktop/saanvi/frontend

 ❯ src/store/ChatProvider.test.jsx (0 test)

⎯⎯⎯⎯⎯⎯ Failed Suites 1 ⎯⎯⎯⎯⎯⎯⎯

 FAIL  src/store/ChatProvider.test.jsx [ src/store/ChatProvider.test.jsx ]
Error: Failed to resolve import "../../../src/store/ChatProvider" from "src/store/ChatProvider.test.jsx". Does the file exist?
  Plugin: vite:import-analysis
  File: /home/nikhil/Desktop/saanvi/frontend/src/store/ChatProvider.test.jsx:4:0
  26 |  const __vi_import_0__ = await import("react");
  27 |  const __vi_import_1__ = await import("@testing-library/react");
  28 |  const __vi_import_2__ = await import("../../../src/store/ChatProvider");
     |                                       ^
  29 |  const __vi_import_3__ = await import("../../../src/store/AuthContext");
  30 |  const __vi_import_4__ = await import("../../../src/services/socket.client");
 ❯ TransformPluginContext._formatLog node_modules/vite/dist/node/chunks/node.js:31066:39
 ❯ TransformPluginContext.error node_modules/vite/dist/node/chunks/node.js:31063:14
 ❯ normalizeUrl node_modules/vite/dist/node/chunks/node.js:28008:18
 ❯ node_modules/vite/dist/node/chunks/node.js:28076:30
 ❯ TransformPluginContext.transform node_modules/vite/dist/node/chunks/node.js:28044:4
 ❯ EnvironmentPluginContainer.transform node_modules/vite/dist/node/chunks/node.js:30851:14
 ❯ loadAndTransform node_modules/vite/dist/node/chunks/node.js:20619:26

⎯⎯⎯⎯⎯⎯⎯⎯⎯⎯⎯⎯⎯⎯⎯⎯⎯⎯⎯⎯⎯⎯⎯⎯[1/1]⎯


 Test Files  1 failed (1)
      Tests  no tests
   Start at  18:01:27
   Duration  1.67s (transform 26ms, setup 200ms, import 0ms, tests 0ms, environment 1.09s)

